47.29.93.100 - - [28/Jan/2022:12:36:14 +0000] "GET /placement-portal/static/home/wordcloud.css HTTP/2.0" 200 67 "https://swc.iitg.ac.in/placement-portal/charts/" "Mozilla/5.0 (Linux; Android 10; RMX2151) AppleWebKit/537.36 (KHTML, like Gecko) Chrome/97.0.4692.87 Mobile Safari/537.36"
47.29.93.100 - - [28/Jan/2022:12:36:14 +0000] "GET /placement-portal/static/home/gauge.js HTTP/2.0" 200 3708 "https://swc.iitg.ac.in/placement-portal/charts/" "Mozilla/5.0 (Linux; Android 10; RMX2151) AppleWebKit/537.36 (KHTML, like Gecko) Chrome/97.0.4692.87 Mobile Safari/537.36"
47.29.93.100 - - [28/Jan/2022:12:36:14 +0000] "GET /placement-portal/static/home/barchart.js HTTP/2.0" 200 2737 "https://swc.iitg.ac.in/placement-portal/charts/" "Mozilla/5.0 (Linux; Android 10; RMX2151) AppleWebKit/537.36 (KHTML, like Gecko) Chrome/97.0.4692.87 Mobile Safari/537.36"
47.29.93.100 - - [28/Jan/2022:12:36:14 +0000] "GET /placement-portal/static/home/wordcloud.js HTTP/2.0" 200 1578 "https://swc.iitg.ac.in/placement-portal/charts/" "Mozilla/5.0 (Linux; Android 10; RMX2151) AppleWebKit/537.36 (KHTML, like Gecko) Chrome/97.0.4692.87 Mobile Safari/537.36"
47.29.93.100 - - [28/Jan/2022:12:39:00 +0000] "GET /placement-portal/table/ HTTP/2.0" 200 29505 "https://swc.iitg.ac.in/placement-portal/charts/" "Mozilla/5.0 (Linux; Android 10; RMX2151) AppleWebKit/537.36 (KHTML, like Gecko) Chrome/97.0.4692.87 Mobile Safari/537.36"
49.36.25.37 - - [28/Jan/2022:12:39:16 +0000] "GET /swc_journeys/ HTTP/2.0" 200 900 "-" "Mozilla/5.0 (Windows NT 10.0; Win64; x64) AppleWebKit/537.36 (KHTML, like Gecko) Chrome/97.0.4692.99 Safari/537.36"
49.36.25.37 - - [28/Jan/2022:12:39:17 +0000] "GET /swc_journeys/?format=openapi HTTP/2.0" 200 23269 "https://swc.iitg.ac.in/swc_journeys/" "Mozilla/5.0 (Windows NT 10.0; Win64; x64) AppleWebKit/537.36 (KHTML, like Gecko) Chrome/97.0.4692.99 Safari/537.36"
3.93.231.189 - - [28/Jan/2022:12:39:19 +0000] "GET /swc_journeys/?format=openapi HTTP/1.1" 200 23269 "-" "swagger-validator"
47.29.93.100 - - [28/Jan/2022:12:39:23 +0000] "GET /placement-portal/ajax/tableFilter?branch=DS&sortid=roll&program=all&company= HTTP/2.0" 200 6229 "https://swc.iitg.ac.in/placement-portal/table/" "Mozilla/5.0 (Linux; Android 10; RMX2151) AppleWebKit/537.36 (KHTML, like Gecko) Chrome/97.0.4692.87 Mobile Safari/537.36"
49.36.25.37 - - [28/Jan/2022:12:39:28 +0000] "GET /swc_journeys/auth/login HTTP/2.0" 301 0 "-" "Mozilla/5.0 (Windows NT 10.0; Win64; x64) AppleWebKit/537.36 (KHTML, like Gecko) Chrome/97.0.4692.99 Safari/537.36"
49.36.25.37 - - [28/Jan/2022:12:39:28 +0000] "GET /swc_journeys/auth/login/ HTTP/2.0" 405 7624 "-" "Mozilla/5.0 (Windows NT 10.0; Win64; x64) AppleWebKit/537.36 (KHTML, like Gecko) Chrome/97.0.4692.99 Safari/537.36"
49.36.25.37 - - [28/Jan/2022:12:39:28 +0000] "GET /swc_journeys/auth/login/static/rest_framework/css/bootstrap.min.css HTTP/2.0" 404 148 "https://swc.iitg.ac.in/swc_journeys/auth/login/" "Mozilla/5.0 (Windows NT 10.0; Win64; x64) AppleWebKit/537.36 (KHTML, like Gecko) Chrome/97.0.4692.99 Safari/537.36"
49.36.25.37 - - [28/Jan/2022:12:39:28 +0000] "GET /swc_journeys/auth/login/static/rest_framework/css/bootstrap-tweaks.css HTTP/2.0" 404 148 "https://swc.iitg.ac.in/swc_journeys/auth/login/" "Mozilla/5.0 (Windows NT 10.0; Win64; x64) AppleWebKit/537.36 (KHTML, like Gecko) Chrome/97.0.4692.99 Safari/537.36"
49.36.25.37 - - [28/Jan/2022:12:39:28 +0000] "GET /swc_journeys/auth/login/static/rest_framework/css/prettify.css HTTP/2.0" 404 148 "https://swc.iitg.ac.in/swc_journeys/auth/login/" "Mozilla/5.0 (Windows NT 10.0; Win64; x64) AppleWebKit/537.36 (KHTML, like Gecko) Chrome/97.0.4692.99 Safari/537.36"
49.36.25.37 - - [28/Jan/2022:12:39:28 +0000] "GET /swc_journeys/auth/login/static/rest_framework/css/default.css HTTP/2.0" 404 148 "https://swc.iitg.ac.in/swc_journeys/auth/login/" "Mozilla/5.0 (Windows NT 10.0; Win64; x64) AppleWebKit/537.36 (KHTML, like Gecko) Chrome/97.0.4692.99 Safari/537.36"
49.36.25.37 - - [28/Jan/2022:12:39:28 +0000] "GET /swc_journeys/auth/login/static/rest_framework/js/ajax-form.js HTTP/2.0" 404 148 "https://swc.iitg.ac.in/swc_journeys/auth/login/" "Mozilla/5.0 (Windows NT 10.0; Win64; x64) AppleWebKit/537.36 (KHTML, like Gecko) Chrome/97.0.4692.99 Safari/537.36"
49.36.25.37 - - [28/Jan/2022:12:39:28 +0000] "GET /swc_journeys/auth/login/static/rest_framework/js/csrf.js HTTP/2.0" 404 148 "https://swc.iitg.ac.in/swc_journeys/auth/login/" "Mozilla/5.0 (Windows NT 10.0; Win64; x64) AppleWebKit/537.36 (KHTML, like Gecko) Chrome/97.0.4692.99 Safari/537.36"
49.36.25.37 - - [28/Jan/2022:12:39:28 +0000] "GET /swc_journeys/auth/login/static/rest_framework/js/bootstrap.min.js HTTP/2.0" 404 148 "https://swc.iitg.ac.in/swc_journeys/auth/login/" "Mozilla/5.0 (Windows NT 10.0; Win64; x64) AppleWebKit/537.36 (KHTML, like Gecko) Chrome/97.0.4692.99 Safari/537.36"
49.36.25.37 - - [28/Jan/2022:12:39:28 +0000] "GET /swc_journeys/auth/login/static/rest_framework/js/prettify-min.js HTTP/2.0" 404 148 "https://swc.iitg.ac.in/swc_journeys/auth/login/" "Mozilla/5.0 (Windows NT 10.0; Win64; x64) AppleWebKit/537.36 (KHTML, like Gecko) Chrome/97.0.4692.99 Safari/537.36"
49.36.25.37 - - [28/Jan/2022:12:39:28 +0000] "GET /swc_journeys/auth/login/static/rest_framework/js/default.js HTTP/2.0" 404 148 "https://swc.iitg.ac.in/swc_journeys/auth/login/" "Mozilla/5.0 (Windows NT 10.0; Win64; x64) AppleWebKit/537.36 (KHTML, like Gecko) Chrome/97.0.4692.99 Safari/537.36"
49.36.25.37 - - [28/Jan/2022:12:39:28 +0000] "GET /swc_journeys/auth/login/static/rest_framework/js/jquery-3.4.1.min.js HTTP/2.0" 404 148 "https://swc.iitg.ac.in/swc_journeys/auth/login/" "Mozilla/5.0 (Windows NT 10.0; Win64; x64) AppleWebKit/537.36 (KHTML, like Gecko) Chrome/97.0.4692.99 Safari/537.36"
49.36.25.37 - - [28/Jan/2022:12:39:29 +0000] "GET /swc_journeys/auth/login/static/rest_framework/js/ajax-form.js HTTP/2.0" 404 148 "https://swc.iitg.ac.in/swc_journeys/auth/login/" "Mozilla/5.0 (Windows NT 10.0; Win64; x64) AppleWebKit/537.36 (KHTML, like Gecko) Chrome/97.0.4692.99 Safari/537.36"
49.36.25.37 - - [28/Jan/2022:12:39:29 +0000] "GET /swc_journeys/auth/login/static/rest_framework/js/csrf.js HTTP/2.0" 404 148 "https://swc.iitg.ac.in/swc_journeys/auth/login/" "Mozilla/5.0 (Windows NT 10.0; Win64; x64) AppleWebKit/537.36 (KHTML, like Gecko) Chrome/97.0.4692.99 Safari/537.36"
49.36.25.37 - - [28/Jan/2022:12:39:29 +0000] "GET /swc_journeys/auth/login/static/rest_framework/js/bootstrap.min.js HTTP/2.0" 404 148 "https://swc.iitg.ac.in/swc_journeys/auth/login/" "Mozilla/5.0 (Windows NT 10.0; Win64; x64) AppleWebKit/537.36 (KHTML, like Gecko) Chrome/97.0.4692.99 Safari/537.36"
49.36.25.37 - - [28/Jan/2022:12:39:29 +0000] "GET /swc_journeys/auth/login/static/rest_framework/js/prettify-min.js HTTP/2.0" 404 148 "https://swc.iitg.ac.in/swc_journeys/auth/login/" "Mozilla/5.0 (Windows NT 10.0; Win64; x64) AppleWebKit/537.36 (KHTML, like Gecko) Chrome/97.0.4692.99 Safari/537.36"
49.36.25.37 - - [28/Jan/2022:12:39:29 +0000] "GET /swc_journeys/auth/login/static/rest_framework/js/default.js HTTP/2.0" 404 148 "https://swc.iitg.ac.in/swc_journeys/auth/login/" "Mozilla/5.0 (Windows NT 10.0; Win64; x64) AppleWebKit/537.36 (KHTML, like Gecko) Chrome/97.0.4692.99 Safari/537.36"
49.36.25.37 - - [28/Jan/2022:12:39:42 +0000] "GET /swc_journeys/auth/login/static/rest_framework/css/bootstrap.min.css HTTP/2.0" 404 148 "https://swc.iitg.ac.in/swc_journeys/auth/login/" "Mozilla/5.0 (Windows NT 10.0; Win64; x64) AppleWebKit/537.36 (KHTML, like Gecko) Chrome/97.0.4692.99 Safari/537.36"
49.36.25.37 - - [28/Jan/2022:12:39:42 +0000] "GET /swc_journeys/auth/login/static/rest_framework/css/bootstrap-tweaks.css HTTP/2.0" 404 148 "https://swc.iitg.ac.in/swc_journeys/auth/login/" "Mozilla/5.0 (Windows NT 10.0; Win64; x64) AppleWebKit/537.36 (KHTML, like Gecko) Chrome/97.0.4692.99 Safari/537.36"
49.36.25.37 - - [28/Jan/2022:12:39:42 +0000] "GET /swc_journeys/auth/login/static/rest_framework/css/default.css HTTP/2.0" 404 148 "https://swc.iitg.ac.in/swc_journeys/auth/login/" "Mozilla/5.0 (Windows NT 10.0; Win64; x64) AppleWebKit/537.36 (KHTML, like Gecko) Chrome/97.0.4692.99 Safari/537.36"
49.36.25.37 - - [28/Jan/2022:12:39:42 +0000] "GET /swc_journeys/auth/login/static/rest_framework/css/prettify.css HTTP/2.0" 404 148 "https://swc.iitg.ac.in/swc_journeys/auth/login/" "Mozilla/5.0 (Windows NT 10.0; Win64; x64) AppleWebKit/537.36 (KHTML, like Gecko) Chrome/97.0.4692.99 Safari/537.36"
47.29.93.100 - - [28/Jan/2022:12:39:47 +0000] "GET /placement-portal/ajax/tableFilter?branch=E-Mobility&sortid=roll&program=all&company= HTTP/2.0" 200 2877 "https://swc.iitg.ac.in/placement-portal/table/" "Mozilla/5.0 (Linux; Android 10; RMX2151) AppleWebKit/537.36 (KHTML, like Gecko) Chrome/97.0.4692.87 Mobile Safari/537.36"
47.29.93.100 - - [28/Jan/2022:12:40:03 +0000] "GET /placement-portal/ajax/tableFilter?branch=Others&sortid=roll&program=all&company= HTTP/2.0" 200 42 "https://swc.iitg.ac.in/placement-portal/table/" "Mozilla/5.0 (Linux; Android 10; RMX2151) AppleWebKit/537.36 (KHTML, like Gecko) Chrome/97.0.4692.87 Mobile Safari/537.36"
47.29.93.100 - - [28/Jan/2022:12:40:07 +0000] "GET /placement-portal/ajax/tableFilter?branch=Mathematics&sortid=roll&program=all&company= HTTP/2.0" 200 42 "https://swc.iitg.ac.in/placement-portal/table/" "Mozilla/5.0 (Linux; Android 10; RMX2151) AppleWebKit/537.36 (KHTML, like Gecko) Chrome/97.0.4692.87 Mobile Safari/537.36"
49.36.25.37 - - [28/Jan/2022:12:40:08 +0000] "GET /swc_journeys/auth/login/ HTTP/2.0" 405 7624 "-" "Mozilla/5.0 (Windows NT 10.0; Win64; x64) AppleWebKit/537.36 (KHTML, like Gecko) Chrome/97.0.4692.99 Safari/537.36"
49.36.25.37 - - [28/Jan/2022:12:40:08 +0000] "GET /swc_journeys/auth/login/static/rest_framework/css/bootstrap-tweaks.css HTTP/2.0" 404 148 "https://swc.iitg.ac.in/swc_journeys/auth/login/" "Mozilla/5.0 (Windows NT 10.0; Win64; x64) AppleWebKit/537.36 (KHTML, like Gecko) Chrome/97.0.4692.99 Safari/537.36"
49.36.25.37 - - [28/Jan/2022:12:40:08 +0000] "GET /swc_journeys/auth/login/static/rest_framework/css/prettify.css HTTP/2.0" 404 148 "https://swc.iitg.ac.in/swc_journeys/auth/login/" "Mozilla/5.0 (Windows NT 10.0; Win64; x64) AppleWebKit/537.36 (KHTML, like Gecko) Chrome/97.0.4692.99 Safari/537.36"
49.36.25.37 - - [28/Jan/2022:12:40:08 +0000] "GET /swc_journeys/auth/login/static/rest_framework/css/bootstrap.min.css HTTP/2.0" 404 148 "https://swc.iitg.ac.in/swc_journeys/auth/login/" "Mozilla/5.0 (Windows NT 10.0; Win64; x64) AppleWebKit/537.36 (KHTML, like Gecko) Chrome/97.0.4692.99 Safari/537.36"
49.36.25.37 - - [28/Jan/2022:12:40:08 +0000] "GET /swc_journeys/auth/login/static/rest_framework/css/default.css HTTP/2.0" 404 148 "https://swc.iitg.ac.in/swc_journeys/auth/login/" "Mozilla/5.0 (Windows NT 10.0; Win64; x64) AppleWebKit/537.36 (KHTML, like Gecko) Chrome/97.0.4692.99 Safari/537.36"
49.36.25.37 - - [28/Jan/2022:12:40:08 +0000] "GET /swc_journeys/auth/login/static/rest_framework/js/jquery-3.4.1.min.js HTTP/2.0" 404 148 "https://swc.iitg.ac.in/swc_journeys/auth/login/" "Mozilla/5.0 (Windows NT 10.0; Win64; x64) AppleWebKit/537.36 (KHTML, like Gecko) Chrome/97.0.4692.99 Safari/537.36"
49.36.25.37 - - [28/Jan/2022:12:40:08 +0000] "GET /swc_journeys/auth/login/static/rest_framework/js/ajax-form.js HTTP/2.0" 404 148 "https://swc.iitg.ac.in/swc_journeys/auth/login/" "Mozilla/5.0 (Windows NT 10.0; Win64; x64) AppleWebKit/537.36 (KHTML, like Gecko) Chrome/97.0.4692.99 Safari/537.36"
49.36.25.37 - - [28/Jan/2022:12:40:08 +0000] "GET /swc_journeys/auth/login/static/rest_framework/js/csrf.js HTTP/2.0" 404 148 "https://swc.iitg.ac.in/swc_journeys/auth/login/" "Mozilla/5.0 (Windows NT 10.0; Win64; x64) AppleWebKit/537.36 (KHTML, like Gecko) Chrome/97.0.4692.99 Safari/537.36"
49.36.25.37 - - [28/Jan/2022:12:40:08 +0000] "GET /swc_journeys/auth/login/static/rest_framework/js/bootstrap.min.js HTTP/2.0" 404 148 "https://swc.iitg.ac.in/swc_journeys/auth/login/" "Mozilla/5.0 (Windows NT 10.0; Win64; x64) AppleWebKit/537.36 (KHTML, like Gecko) Chrome/97.0.4692.99 Safari/537.36"
49.36.25.37 - - [28/Jan/2022:12:40:08 +0000] "GET /swc_journeys/auth/login/static/rest_framework/js/prettify-min.js HTTP/2.0" 404 148 "https://swc.iitg.ac.in/swc_journeys/auth/login/" "Mozilla/5.0 (Windows NT 10.0; Win64; x64) AppleWebKit/537.36 (KHTML, like Gecko) Chrome/97.0.4692.99 Safari/537.36"
49.36.25.37 - - [28/Jan/2022:12:40:08 +0000] "GET /swc_journeys/auth/login/static/rest_framework/js/default.js HTTP/2.0" 404 148 "https://swc.iitg.ac.in/swc_journeys/auth/login/" "Mozilla/5.0 (Windows NT 10.0; Win64; x64) AppleWebKit/537.36 (KHTML, like Gecko) Chrome/97.0.4692.99 Safari/537.36"
49.36.25.37 - - [28/Jan/2022:12:40:09 +0000] "GET /swc_journeys/auth/login/static/rest_framework/js/ajax-form.js HTTP/2.0" 404 148 "https://swc.iitg.ac.in/swc_journeys/auth/login/" "Mozilla/5.0 (Windows NT 10.0; Win64; x64) AppleWebKit/537.36 (KHTML, like Gecko) Chrome/97.0.4692.99 Safari/537.36"
49.36.25.37 - - [28/Jan/2022:12:40:09 +0000] "GET /swc_journeys/auth/login/static/rest_framework/js/csrf.js HTTP/2.0" 404 148 "https://swc.iitg.ac.in/swc_journeys/auth/login/" "Mozilla/5.0 (Windows NT 10.0; Win64; x64) AppleWebKit/537.36 (KHTML, like Gecko) Chrome/97.0.4692.99 Safari/537.36"
49.36.25.37 - - [28/Jan/2022:12:40:09 +0000] "GET /swc_journeys/auth/login/static/rest_framework/js/bootstrap.min.js HTTP/2.0" 404 148 "https://swc.iitg.ac.in/swc_journeys/auth/login/" "Mozilla/5.0 (Windows NT 10.0; Win64; x64) AppleWebKit/537.36 (KHTML, like Gecko) Chrome/97.0.4692.99 Safari/537.36"
49.36.25.37 - - [28/Jan/2022:12:40:09 +0000] "GET /swc_journeys/auth/login/static/rest_framework/js/prettify-min.js HTTP/2.0" 404 148 "https://swc.iitg.ac.in/swc_journeys/auth/login/" "Mozilla/5.0 (Windows NT 10.0; Win64; x64) AppleWebKit/537.36 (KHTML, like Gecko) Chrome/97.0.4692.99 Safari/537.36"
49.36.25.37 - - [28/Jan/2022:12:40:09 +0000] "GET /swc_journeys/auth/login/static/rest_framework/js/default.js HTTP/2.0" 404 148 "https://swc.iitg.ac.in/swc_journeys/auth/login/" "Mozilla/5.0 (Windows NT 10.0; Win64; x64) AppleWebKit/537.36 (KHTML, like Gecko) Chrome/97.0.4692.99 Safari/537.36"
47.29.93.100 - - [28/Jan/2022:12:40:12 +0000] "GET /placement-portal/ajax/tableFilter?branch=Physics&sortid=roll&program=all&company= HTTP/2.0" 200 42 "https://swc.iitg.ac.in/placement-portal/table/" "Mozilla/5.0 (Linux; Android 10; RMX2151) AppleWebKit/537.36 (KHTML, like Gecko) Chrome/97.0.4692.87 Mobile Safari/537.36"
47.29.93.100 - - [28/Jan/2022:12:40:16 +0000] "GET /placement-portal/ajax/tableFilter?branch=BT&sortid=roll&program=all&company= HTTP/2.0" 200 13956 "https://swc.iitg.ac.in/placement-portal/table/" "Mozilla/5.0 (Linux; Android 10; RMX2151) AppleWebKit/537.36 (KHTML, like Gecko) Chrome/97.0.4692.87 Mobile Safari/537.36"
47.29.93.100 - - [28/Jan/2022:12:40:22 +0000] "GET /placement-portal/ajax/tableFilter?branch=CST&sortid=roll&program=all&company= HTTP/2.0" 200 16054 "https://swc.iitg.ac.in/placement-portal/table/" "Mozilla/5.0 (Linux; Android 10; RMX2151) AppleWebKit/537.36 (KHTML, like Gecko) Chrome/97.0.4692.87 Mobile Safari/537.36"
47.29.93.100 - - [28/Jan/2022:12:40:28 +0000] "GET /placement-portal/signout HTTP/2.0" 302 0 "https://swc.iitg.ac.in/placement-portal/table/" "Mozilla/5.0 (Linux; Android 10; RMX2151) AppleWebKit/537.36 (KHTML, like Gecko) Chrome/97.0.4692.87 Mobile Safari/537.36"
47.29.93.100 - - [28/Jan/2022:12:40:29 +0000] "GET /placement-portal/ HTTP/2.0" 200 2295 "https://swc.iitg.ac.in/placement-portal/table/" "Mozilla/5.0 (Linux; Android 10; RMX2151) AppleWebKit/537.36 (KHTML, like Gecko) Chrome/97.0.4692.87 Mobile Safari/537.36"
182.68.31.151 - - [28/Jan/2022:12:41:29 +0000] "GET /placement-portal/table/ HTTP/2.0" 200 29505 "-" "Mozilla/5.0 (Windows NT 10.0; Win64; x64) AppleWebKit/537.36 (KHTML, like Gecko) Chrome/97.0.4692.99 Safari/537.36"
182.68.31.151 - - [28/Jan/2022:12:41:29 +0000] "GET /placement-portal/static/images/logo.png HTTP/2.0" 200 92162 "https://swc.iitg.ac.in/placement-portal/table/" "Mozilla/5.0 (Windows NT 10.0; Win64; x64) AppleWebKit/537.36 (KHTML, like Gecko) Chrome/97.0.4692.99 Safari/537.36"
171.79.154.250 - - [28/Jan/2022:12:45:07 +0000] "GET /election/ HTTP/2.0" 200 2420 "-" "Mozilla/5.0 (Windows NT 10.0; Win64; x64; rv:96.0) Gecko/20100101 Firefox/96.0"
207.46.13.7 - - [28/Jan/2022:12:45:10 +0000] "GET /campus_return/ HTTP/2.0" 302 0 "-" "Mozilla/5.0 (Windows NT 6.1; WOW64) AppleWebKit/534+ (KHTML, like Gecko) BingPreview/1.0b"
207.46.13.7 - - [28/Jan/2022:12:45:10 +0000] "GET /campus_return/accounts/login/?next=/campus_return/ HTTP/2.0" 200 3517 "-" "Mozilla/5.0 (Windows NT 6.1; WOW64) AppleWebKit/534+ (KHTML, like Gecko) BingPreview/1.0b"
49.36.25.37 - - [28/Jan/2022:12:46:01 +0000] "GET /swc_journeys/auth/login/static/rest_framework/css/bootstrap.min.css HTTP/2.0" 404 148 "-" "Mozilla/5.0 (Windows NT 10.0; Win64; x64) AppleWebKit/537.36 (KHTML, like Gecko) Chrome/97.0.4692.99 Safari/537.36"
49.36.25.37 - - [28/Jan/2022:12:46:09 +0000] "GET /swc_journeys/static/rest_framework/css/bootstrap.min.css HTTP/2.0" 200 121457 "-" "Mozilla/5.0 (Windows NT 10.0; Win64; x64) AppleWebKit/537.36 (KHTML, like Gecko) Chrome/97.0.4692.99 Safari/537.36"
47.29.255.252 - - [28/Jan/2022:12:46:55 +0000] "GET /campus_return/ HTTP/2.0" 302 0 "-" "Mozilla/5.0 (Linux; Android 11; SM-M315F) AppleWebKit/537.36 (KHTML, like Gecko) Chrome/96.0.4664.104 Mobile Safari/537.36"
47.29.255.252 - - [28/Jan/2022:12:46:55 +0000] "GET /campus_return/accounts/login/?next=/campus_return/ HTTP/2.0" 200 3517 "-" "Mozilla/5.0 (Linux; Android 11; SM-M315F) AppleWebKit/537.36 (KHTML, like Gecko) Chrome/96.0.4664.104 Mobile Safari/537.36"
47.29.255.252 - - [28/Jan/2022:12:46:56 +0000] "GET /favicon.ico HTTP/2.0" 404 198 "https://swc.iitg.ac.in/campus_return/accounts/login/?next=/campus_return/" "Mozilla/5.0 (Linux; Android 11; SM-M315F) AppleWebKit/537.36 (KHTML, like Gecko) Chrome/96.0.4664.104 Mobile Safari/537.36"
47.29.255.252 - - [28/Jan/2022:12:47:00 +0000] "GET /campus_return/accounts/microsoft/login/?next=%2Fcampus_return%2F HTTP/2.0" 302 0 "https://swc.iitg.ac.in/campus_return/accounts/login/?next=/campus_return/" "Mozilla/5.0 (Linux; Android 11; SM-M315F) AppleWebKit/537.36 (KHTML, like Gecko) Chrome/96.0.4664.104 Mobile Safari/537.36"
47.29.255.252 - - [28/Jan/2022:12:47:08 +0000] "GET /campus_return/accounts/microsoft/login/callback/?code=0.ASoAjacKheGUxkuc84wRtTBwHAXlmw-ZJXFJjThsgIkN8WEqAPs.AQABAAIAAAD--DLA3VO7QrddgJg7Wevr7u4kiMrvNNSRL3fw9_tSryvOcIB3cOWfOmGpHg0Ne7jTzfVMMt6yfqHUjrRQNS0vCufQpEZOAxaGD6jNq_u5wjxn9mUOcKkocGpGHLGlrRaUykLw1Yfk4VBB_NhRc9rQ7M8asPzS0ce1rj5DK3GQwmGpRmCsZNn7eICH4IrjQFVSGyopqktOB8zk49DhbKkdSDYzUEQ0mkzndIMLi1iWnRC3lLyobmb0j4Q_zsWVf09crQ5RbwPkR7wPA-4otwE-FMjc23EI_k176uKfta0_u18REV8StVbXAvnh9yi_RDxp7WTvfBAc8A8qi2F3h1JaJgcyfi14im8Odjl_Nz080b-zh9Qsri7FFFo9i_0b9TraSgeeYRYN-GWNbnAg07qvZjWt-Zfu_cVqhvJ0ZHmy4StWyCy5BRkgzFgksciwkdr9pYbOFXG_1dzJP0ROi1cFmVlFH9ndvXjeOyFKjdOaA8YBRouw0pEdhASVB5ckACY_FzIoTtMLHkZnEU4ZOAm8Wrc8s3ftMRv13-o4ddKaM9eICT3KRUdE4Os4ZvUVFug4wa4b52QekDXyb-RIhOjY4dPVIEjF6DojiGUuZrm0PBsBGB7iyAeOrs7ultZAMDD6JXkaylHPgnat7IdT-TGKIAA&state=oscjmRuB7LzB&session_state=0a283f04-6c71-427d-912d-d6667dc26206 HTTP/2.0" 302 0 "https://login.microsoftonline.com/" "Mozilla/5.0 (Linux; Android 11; SM-M315F) AppleWebKit/537.36 (KHTML, like Gecko) Chrome/96.0.4664.104 Mobile Safari/537.36"
47.29.255.252 - - [28/Jan/2022:12:47:08 +0000] "GET /campus_return/ HTTP/2.0" 200 2395 "-" "Mozilla/5.0 (Linux; Android 11; SM-M315F) AppleWebKit/537.36 (KHTML, like Gecko) Chrome/96.0.4664.104 Mobile Safari/537.36"
47.29.255.252 - - [28/Jan/2022:12:47:15 +0000] "GET /campus_return/static/hab_portal/styles.css HTTP/2.0" 200 3800456 "https://swc.iitg.ac.in/campus_return/" "Mozilla/5.0 (Linux; Android 11; SM-M315F) AppleWebKit/537.36 (KHTML, like Gecko) Chrome/96.0.4664.104 Mobile Safari/537.36"
47.29.255.252 - - [28/Jan/2022:12:47:24 +0000] "GET /campus_return/add/ HTTP/2.0" 200 2732 "https://swc.iitg.ac.in/campus_return/" "Mozilla/5.0 (Linux; Android 11; SM-M315F) AppleWebKit/537.36 (KHTML, like Gecko) Chrome/96.0.4664.104 Mobile Safari/537.36"
45.117.67.252 - - [28/Jan/2022:12:51:33 +0000] "GET /placement-portal/ HTTP/2.0" 200 2007 "-" "Mozilla/5.0 (Windows NT 10.0; Win64; x64) AppleWebKit/537.36 (KHTML, like Gecko) Chrome/97.0.4692.99 Safari/537.36"
45.117.67.252 - - [28/Jan/2022:12:51:34 +0000] "GET /placement-portal/static/images/logo.png HTTP/2.0" 200 92162 "https://swc.iitg.ac.in/placement-portal/" "Mozilla/5.0 (Windows NT 10.0; Win64; x64) AppleWebKit/537.36 (KHTML, like Gecko) Chrome/97.0.4692.99 Safari/537.36"
45.117.67.252 - - [28/Jan/2022:12:51:37 +0000] "GET /placement-portal/table/ HTTP/2.0" 200 29505 "https://swc.iitg.ac.in/placement-portal/" "Mozilla/5.0 (Windows NT 10.0; Win64; x64) AppleWebKit/537.36 (KHTML, like Gecko) Chrome/97.0.4692.99 Safari/537.36"
49.36.25.37 - - [28/Jan/2022:12:53:37 +0000] "GET /placement-portal/ HTTP/2.0" 200 2144 "-" "Mozilla/5.0 (Windows NT 10.0; Win64; x64) AppleWebKit/537.36 (KHTML, like Gecko) Chrome/97.0.4692.99 Safari/537.36"
49.36.25.37 - - [28/Jan/2022:12:53:41 +0000] "GET /swc_journeys/ HTTP/2.0" 200 900 "-" "Mozilla/5.0 (Windows NT 10.0; Win64; x64) AppleWebKit/537.36 (KHTML, like Gecko) Chrome/97.0.4692.99 Safari/537.36"
49.36.25.37 - - [28/Jan/2022:12:53:41 +0000] "GET /swc_journeys/?format=openapi HTTP/2.0" 200 23269 "https://swc.iitg.ac.in/swc_journeys/" "Mozilla/5.0 (Windows NT 10.0; Win64; x64) AppleWebKit/537.36 (KHTML, like Gecko) Chrome/97.0.4692.99 Safari/537.36"
54.87.86.87 - - [28/Jan/2022:12:53:43 +0000] "GET /swc_journeys/?format=openapi HTTP/1.1" 200 23269 "-" "swagger-validator"
171.79.154.250 - - [28/Jan/2022:12:57:13 +0000] "GET / HTTP/2.0" 200 736 "-" "Mozilla/5.0 (Windows NT 10.0; Win64; x64; rv:96.0) Gecko/20100101 Firefox/96.0"
47.29.74.82 - - [28/Jan/2022:12:59:25 +0000] "GET /campus_return/accounts/microsoft/login/callback/?code=0.ASoAjacKheGUxkuc84wRtTBwHAXlmw-ZJXFJjThsgIkN8WEqAPs.AQABAAIAAAD--DLA3VO7QrddgJg7WevrqisiRJtIBAP6DI_Utzcmrki2TWCO6blyDc00PAJVct-ioLnCief0qTNGsOFkCTkOh4CwpS4IgAQD0Z7hlON75nTsPjdG9IjpjY67oBQ3bWd6JI1d1k9D1ar4_EIHPS88_qSJJYj9rLp9PTVpPUxHJXpsIzlmBHy_v22AbcSb35HAi_4UBMPMvfmLvnVuP0BGEmpsRBreghKaF7bZFc96XuUFQ67yonoWfMTIoFY4z9FJSb2eYmySUpiG7LP_Q1htmN1-QNVd8csdZk9GDsOLPuyoOKDgjzAzZOSUYMP7rhMISQqt6F3iQmNmVt-25WuVNKA-SuOXiNtsc4XWGvhPucE15AjPXZLoGv5ht2AdXPE5n9WCg4QPyeLJl5pHOkzIYHBuN0z4VVT9dCjO_WiwgP45H9zqiMQMv-68Czry6Zl5hzHSqeLd3uGXTsJ2nRRRx-m0wP5U0wIK3EQ0UkmWmGCoz7WQw5q1NLFOT2XNLHBFo5coCNVNiwqMQEQMQcFd2aPCAkEepWSzYMxBMrUL0-L0jaROXpjIhzRlrJsDoV6MhPndChI_s68sSUIwrGG478Ybaclh-E1wnJUgs366kN1ZKD85AOC6CKmGCchjs7tszOX10uLZZZSr7g9Yu4I6IAA&state=oscjmRuB7LzB&session_state=0a283f04-6c71-427d-912d-d6667dc26206 HTTP/2.0" 499 0 "-" "Mozilla/5.0 (Linux; Android 11; SM-M315F) AppleWebKit/537.36 (KHTML, like Gecko) Chrome/96.0.4664.104 Mobile Safari/537.36"
47.29.74.82 - - [28/Jan/2022:12:59:26 +0000] "GET /campus_return/accounts/microsoft/login/callback/?code=0.ASoAjacKheGUxkuc84wRtTBwHAXlmw-ZJXFJjThsgIkN8WEqAPs.AQABAAIAAAD--DLA3VO7QrddgJg7WevrqisiRJtIBAP6DI_Utzcmrki2TWCO6blyDc00PAJVct-ioLnCief0qTNGsOFkCTkOh4CwpS4IgAQD0Z7hlON75nTsPjdG9IjpjY67oBQ3bWd6JI1d1k9D1ar4_EIHPS88_qSJJYj9rLp9PTVpPUxHJXpsIzlmBHy_v22AbcSb35HAi_4UBMPMvfmLvnVuP0BGEmpsRBreghKaF7bZFc96XuUFQ67yonoWfMTIoFY4z9FJSb2eYmySUpiG7LP_Q1htmN1-QNVd8csdZk9GDsOLPuyoOKDgjzAzZOSUYMP7rhMISQqt6F3iQmNmVt-25WuVNKA-SuOXiNtsc4XWGvhPucE15AjPXZLoGv5ht2AdXPE5n9WCg4QPyeLJl5pHOkzIYHBuN0z4VVT9dCjO_WiwgP45H9zqiMQMv-68Czry6Zl5hzHSqeLd3uGXTsJ2nRRRx-m0wP5U0wIK3EQ0UkmWmGCoz7WQw5q1NLFOT2XNLHBFo5coCNVNiwqMQEQMQcFd2aPCAkEepWSzYMxBMrUL0-L0jaROXpjIhzRlrJsDoV6MhPndChI_s68sSUIwrGG478Ybaclh-E1wnJUgs366kN1ZKD85AOC6CKmGCchjs7tszOX10uLZZZSr7g9Yu4I6IAA&state=oscjmRuB7LzB&session_state=0a283f04-6c71-427d-912d-d6667dc26206 HTTP/2.0" 200 335 "-" "Mozilla/5.0 (Linux; Android 11; SM-M315F) AppleWebKit/537.36 (KHTML, like Gecko) Chrome/96.0.4664.104 Mobile Safari/537.36"
47.29.74.82 - - [28/Jan/2022:12:59:30 +0000] "GET /campus_return/accounts/microsoft/login/callback/?code=0.ASoAjacKheGUxkuc84wRtTBwHAXlmw-ZJXFJjThsgIkN8WEqAPs.AQABAAIAAAD--DLA3VO7QrddgJg7WevrmM1Lu4rLKBLtiboeLoX7LQ5MnkNdgAT30G-WsZhiC4ZfoEGQCNdkZQ33h_LNDdR3metTmDrz5RMiOqb-0gyXuJxyiSU0_6uA4rqDSd4X37FCiTFPcXCejT1ZXLWyUKy_WLci6govnxIXV7JLmXnK-AaYiSABpSthfS64VNHgOIdhwEmktL7Z2dB-G87P_uRkHyNEA9UQ5s2f41G6KNt8vYslDbo9Q9Pfq1ATGrrvkxXl1-kA9UX1YydOHD3iHEjyI3tt2AZtE7HW2znOA9ijBdY88YaiS5uSXClcaQb42c5YBV3nPByQ79icqz9U69o-0R7YZGcqLQbjD_hO2nedJWlK0FQ-BuF02D2dXK7anxP2koxMth9IO7vjHh1HGdWD1RY3wDZ1Y3yHxUUs7utzOtqpLs64DJKErLBtf7su0mRKUAB-d20Jlg-x41gE_Ya3HAkHBJrZldLC4a669dJVE2NK5twKYYUo-IxMtJwp3wPF7j8zAsKCoWPMJpcnwa0hmXg5DzrUd4HjWgp11_y_Kx1ACt3JTbRtqC9IGylRW_5zWyszjU9jYli41EvVgZJvDTo4YEoexaHQfweuy8Pa_d7Mg1b69fxSMSGzAYv1QfZ3uBhTt-_BNrvcqtibr72DIAA&state=oscjmRuB7LzB&session_state=0a283f04-6c71-427d-912d-d6667dc26206 HTTP/2.0" 499 0 "-" "Mozilla/5.0 (Linux; Android 11; SM-M315F) AppleWebKit/537.36 (KHTML, like Gecko) Chrome/96.0.4664.104 Mobile Safari/537.36"
47.29.74.82 - - [28/Jan/2022:12:59:30 +0000] "GET /campus_return/accounts/login/?next=/campus_return/ HTTP/2.0" 302 0 "-" "Mozilla/5.0 (Linux; Android 11; SM-M315F) AppleWebKit/537.36 (KHTML, like Gecko) Chrome/96.0.4664.104 Mobile Safari/537.36"
47.29.74.82 - - [28/Jan/2022:12:59:30 +0000] "GET /campus_return/ HTTP/2.0" 200 2395 "-" "Mozilla/5.0 (Linux; Android 11; SM-M315F) AppleWebKit/537.36 (KHTML, like Gecko) Chrome/96.0.4664.104 Mobile Safari/537.36"
47.29.74.82 - - [28/Jan/2022:12:59:36 +0000] "GET /campus_return/ HTTP/2.0" 200 2395 "-" "Mozilla/5.0 (Linux; Android 11; SM-M315F) AppleWebKit/537.36 (KHTML, like Gecko) Chrome/96.0.4664.104 Mobile Safari/537.36"
47.29.74.82 - - [28/Jan/2022:12:59:39 +0000] "GET /campus_return/add/ HTTP/2.0" 200 2728 "https://swc.iitg.ac.in/campus_return/" "Mozilla/5.0 (Linux; Android 11; SM-M315F) AppleWebKit/537.36 (KHTML, like Gecko) Chrome/96.0.4664.104 Mobile Safari/537.36"
49.36.25.37 - - [28/Jan/2022:13:04:10 +0000] "GET /swc_journeys/ HTTP/2.0" 200 894 "-" "Mozilla/5.0 (Windows NT 10.0; Win64; x64) AppleWebKit/537.36 (KHTML, like Gecko) Chrome/97.0.4692.99 Safari/537.36"
49.36.25.37 - - [28/Jan/2022:13:04:11 +0000] "GET /swc_journeys/?format=openapi HTTP/2.0" 200 23269 "https://swc.iitg.ac.in/swc_journeys/" "Mozilla/5.0 (Windows NT 10.0; Win64; x64) AppleWebKit/537.36 (KHTML, like Gecko) Chrome/97.0.4692.99 Safari/537.36"
54.87.86.87 - - [28/Jan/2022:13:04:13 +0000] "GET /swc_journeys/?format=openapi HTTP/1.1" 200 23269 "-" "swagger-validator"
47.29.255.252 - - [28/Jan/2022:13:05:23 +0000] "GET /campus_return/ HTTP/2.0" 200 2395 "-" "Mozilla/5.0 (Linux; Android 11; SM-M315F) AppleWebKit/537.36 (KHTML, like Gecko) Chrome/96.0.4664.104 Mobile Safari/537.36"
47.29.255.252 - - [28/Jan/2022:13:05:25 +0000] "GET /campus_return/add/ HTTP/2.0" 200 2730 "https://swc.iitg.ac.in/campus_return/" "Mozilla/5.0 (Linux; Android 11; SM-M315F) AppleWebKit/537.36 (KHTML, like Gecko) Chrome/96.0.4664.104 Mobile Safari/537.36"
47.29.255.252 - - [28/Jan/2022:13:07:02 +0000] "POST /campus_return/add/ HTTP/2.0" 302 0 "https://swc.iitg.ac.in/campus_return/add/" "Mozilla/5.0 (Linux; Android 11; SM-M315F) AppleWebKit/537.36 (KHTML, like Gecko) Chrome/96.0.4664.104 Mobile Safari/537.36"
47.29.255.252 - - [28/Jan/2022:13:07:02 +0000] "GET /campus_return/form1/ HTTP/2.0" 200 1741 "https://swc.iitg.ac.in/campus_return/add/" "Mozilla/5.0 (Linux; Android 11; SM-M315F) AppleWebKit/537.36 (KHTML, like Gecko) Chrome/96.0.4664.104 Mobile Safari/537.36"
49.36.25.37 - - [28/Jan/2022:13:07:51 +0000] "GET /swc_journeys/admin HTTP/2.0" 301 0 "-" "Mozilla/5.0 (Windows NT 10.0; Win64; x64) AppleWebKit/537.36 (KHTML, like Gecko) Chrome/97.0.4692.99 Safari/537.36"
49.36.25.37 - - [28/Jan/2022:13:07:51 +0000] "GET /swc_journeys/admin/ HTTP/2.0" 302 0 "-" "Mozilla/5.0 (Windows NT 10.0; Win64; x64) AppleWebKit/537.36 (KHTML, like Gecko) Chrome/97.0.4692.99 Safari/537.36"
49.36.25.37 - - [28/Jan/2022:13:07:51 +0000] "GET /swc_journeys/admin/login/?next=/swc_journeys/admin/ HTTP/2.0" 200 871 "-" "Mozilla/5.0 (Windows NT 10.0; Win64; x64) AppleWebKit/537.36 (KHTML, like Gecko) Chrome/97.0.4692.99 Safari/537.36"
49.36.25.37 - - [28/Jan/2022:13:07:51 +0000] "GET /swc_journeys/admin/login/static/admin/css/base.css HTTP/2.0" 404 1424 "https://swc.iitg.ac.in/swc_journeys/admin/login/?next=/swc_journeys/admin/" "Mozilla/5.0 (Windows NT 10.0; Win64; x64) AppleWebKit/537.36 (KHTML, like Gecko) Chrome/97.0.4692.99 Safari/537.36"
49.36.25.37 - - [28/Jan/2022:13:07:51 +0000] "GET /swc_journeys/admin/login/static/admin/css/login.css HTTP/2.0" 404 1423 "https://swc.iitg.ac.in/swc_journeys/admin/login/?next=/swc_journeys/admin/" "Mozilla/5.0 (Windows NT 10.0; Win64; x64) AppleWebKit/537.36 (KHTML, like Gecko) Chrome/97.0.4692.99 Safari/537.36"
49.36.25.37 - - [28/Jan/2022:13:07:52 +0000] "GET /swc_journeys/admin/login/static/admin/css/responsive.css HTTP/2.0" 404 1429 "https://swc.iitg.ac.in/swc_journeys/admin/login/?next=/swc_journeys/admin/" "Mozilla/5.0 (Windows NT 10.0; Win64; x64) AppleWebKit/537.36 (KHTML, like Gecko) Chrome/97.0.4692.99 Safari/537.36"
172.16.53.178 - - [28/Jan/2022:13:18:41 +0000] "GET /campus_return/accounts/login/?next=/campus_return/ HTTP/2.0" 200 3517 "-" "Mozilla/5.0 (Windows NT 10.0; Win64; x64; rv:96.0) Gecko/20100101 Firefox/96.0"
172.16.53.178 - - [28/Jan/2022:13:18:41 +0000] "GET /favicon.ico HTTP/2.0" 404 141 "https://swc.iitg.ac.in/campus_return/accounts/login/?next=/campus_return/" "Mozilla/5.0 (Windows NT 10.0; Win64; x64; rv:96.0) Gecko/20100101 Firefox/96.0"
10.10.2.15 - - [28/Jan/2022:13:19:41 +0000] "GET /placement-portal/ HTTP/2.0" 200 2004 "https://www.google.com/" "Mozilla/5.0 (Windows NT 10.0; Win64; x64) AppleWebKit/537.36 (KHTML, like Gecko) Chrome/97.0.4692.99 Safari/537.36"
10.10.2.15 - - [28/Jan/2022:13:19:45 +0000] "GET /placement-portal/table/ HTTP/2.0" 200 29505 "https://swc.iitg.ac.in/placement-portal/" "Mozilla/5.0 (Windows NT 10.0; Win64; x64) AppleWebKit/537.36 (KHTML, like Gecko) Chrome/97.0.4692.99 Safari/537.36"
172.16.73.1 - - [28/Jan/2022:13:23:04 +0000] "GET /campus_return/admin-view/ HTTP/2.0" 403 0 "-" "Mozilla/5.0 (Windows NT 10.0; Win64; x64) AppleWebKit/537.36 (KHTML, like Gecko) Chrome/97.0.4692.99 Safari/537.36"
172.16.73.1 - - [28/Jan/2022:13:23:40 +0000] "GET /campus_return/admin-view/ HTTP/2.0" 200 10152 "-" "Mozilla/5.0 (Windows NT 10.0; Win64; x64; rv:96.0) Gecko/20100101 Firefox/96.0"
172.16.73.1 - - [28/Jan/2022:13:23:40 +0000] "GET /campus_return/static/jquery-3.4.1.min.js HTTP/2.0" 200 88144 "https://swc.iitg.ac.in/campus_return/admin-view/" "Mozilla/5.0 (Windows NT 10.0; Win64; x64; rv:96.0) Gecko/20100101 Firefox/96.0"
172.16.73.1 - - [28/Jan/2022:13:23:40 +0000] "GET /campus_return/static/hab_portal/base.js HTTP/2.0" 200 791 "https://swc.iitg.ac.in/campus_return/admin-view/" "Mozilla/5.0 (Windows NT 10.0; Win64; x64; rv:96.0) Gecko/20100101 Firefox/96.0"
172.16.73.1 - - [28/Jan/2022:13:23:55 +0000] "GET /campus_return/download_excel/4/none HTTP/2.0" 200 26112 "https://swc.iitg.ac.in/campus_return/admin-view/" "Mozilla/5.0 (Windows NT 10.0; Win64; x64; rv:96.0) Gecko/20100101 Firefox/96.0"
106.195.13.245 - - [28/Jan/2022:13:24:27 +0000] "GET /placement-portal/static/images/logo.png HTTP/2.0" 200 92162 "https://myactivity.google.com/" "Mozilla/5.0 (Linux; Android 11; KB2001) AppleWebKit/537.36 (KHTML, like Gecko) Chrome/96.0.4664.104 Mobile Safari/537.36"
49.36.25.37 - - [28/Jan/2022:13:25:24 +0000] "GET /swc_journeys/ HTTP/2.0" 200 897 "-" "Mozilla/5.0 (Windows NT 10.0; Win64; x64) AppleWebKit/537.36 (KHTML, like Gecko) Chrome/97.0.4692.99 Safari/537.36"
49.36.25.37 - - [28/Jan/2022:13:25:24 +0000] "GET /swc_journeys/static/drf-yasg/swagger-ui-dist/swagger-ui.css.map HTTP/2.0" 404 198 "-" "Mozilla/5.0 (Windows NT 10.0; Win64; x64) AppleWebKit/537.36 (KHTML, like Gecko) Chrome/97.0.4692.99 Safari/537.36"
49.36.25.37 - - [28/Jan/2022:13:25:24 +0000] "GET /swc_journeys/static/drf-yasg/swagger-ui-dist/swagger-ui-bundle.js.map HTTP/2.0" 404 198 "-" "Mozilla/5.0 (Windows NT 10.0; Win64; x64) AppleWebKit/537.36 (KHTML, like Gecko) Chrome/97.0.4692.99 Safari/537.36"
49.36.25.37 - - [28/Jan/2022:13:25:25 +0000] "GET /swc_journeys/static/drf-yasg/swagger-ui-dist/swagger-ui-standalone-preset.js.map HTTP/2.0" 404 198 "-" "Mozilla/5.0 (Windows NT 10.0; Win64; x64) AppleWebKit/537.36 (KHTML, like Gecko) Chrome/97.0.4692.99 Safari/537.36"
49.36.25.37 - - [28/Jan/2022:13:25:25 +0000] "GET /swc_journeys/?format=openapi HTTP/2.0" 200 23269 "https://swc.iitg.ac.in/swc_journeys/" "Mozilla/5.0 (Windows NT 10.0; Win64; x64) AppleWebKit/537.36 (KHTML, like Gecko) Chrome/97.0.4692.99 Safari/537.36"
54.87.86.87 - - [28/Jan/2022:13:25:27 +0000] "GET /swc_journeys/?format=openapi HTTP/1.1" 200 23269 "-" "swagger-validator"
49.36.25.37 - - [28/Jan/2022:13:26:11 +0000] "GET /swc_journeys/admin/ HTTP/2.0" 302 0 "-" "Mozilla/5.0 (Windows NT 10.0; Win64; x64) AppleWebKit/537.36 (KHTML, like Gecko) Chrome/97.0.4692.99 Safari/537.36"
49.36.25.37 - - [28/Jan/2022:13:26:11 +0000] "GET /swc_journeys/admin/login/?next=/swc_journeys/admin/ HTTP/2.0" 200 872 "-" "Mozilla/5.0 (Windows NT 10.0; Win64; x64) AppleWebKit/537.36 (KHTML, like Gecko) Chrome/97.0.4692.99 Safari/537.36"
49.36.25.37 - - [28/Jan/2022:13:26:13 +0000] "GET /swc_journeys/admin/login/static/admin/css/base.css HTTP/2.0" 404 1424 "https://swc.iitg.ac.in/swc_journeys/admin/login/?next=/swc_journeys/admin/" "Mozilla/5.0 (Windows NT 10.0; Win64; x64) AppleWebKit/537.36 (KHTML, like Gecko) Chrome/97.0.4692.99 Safari/537.36"
49.36.25.37 - - [28/Jan/2022:13:26:13 +0000] "GET /swc_journeys/admin/login/static/admin/css/login.css HTTP/2.0" 404 1423 "https://swc.iitg.ac.in/swc_journeys/admin/login/?next=/swc_journeys/admin/" "Mozilla/5.0 (Windows NT 10.0; Win64; x64) AppleWebKit/537.36 (KHTML, like Gecko) Chrome/97.0.4692.99 Safari/537.36"
49.36.25.37 - - [28/Jan/2022:13:26:13 +0000] "GET /swc_journeys/admin/login/static/admin/css/responsive.css HTTP/2.0" 404 1429 "https://swc.iitg.ac.in/swc_journeys/admin/login/?next=/swc_journeys/admin/" "Mozilla/5.0 (Windows NT 10.0; Win64; x64) AppleWebKit/537.36 (KHTML, like Gecko) Chrome/97.0.4692.99 Safari/537.36"
49.36.25.37 - - [28/Jan/2022:13:26:16 +0000] "GET /swc_journeys/static/drf-yasg/swagger-ui-dist/swagger-ui-bundle.js.map HTTP/2.0" 404 198 "-" "Mozilla/5.0 (Windows NT 10.0; Win64; x64) AppleWebKit/537.36 (KHTML, like Gecko) Chrome/97.0.4692.99 Safari/537.36"
49.36.25.37 - - [28/Jan/2022:13:26:16 +0000] "GET /swc_journeys/static/drf-yasg/swagger-ui-dist/swagger-ui-standalone-preset.js.map HTTP/2.0" 404 198 "-" "Mozilla/5.0 (Windows NT 10.0; Win64; x64) AppleWebKit/537.36 (KHTML, like Gecko) Chrome/97.0.4692.99 Safari/537.36"
172.16.73.1 - - [28/Jan/2022:13:27:22 +0000] "GET /campus_return/admin-view/mark-as-invited/2519 HTTP/2.0" 301 0 "https://swc.iitg.ac.in/campus_return/admin-view/" "Mozilla/5.0 (Windows NT 10.0; Win64; x64; rv:96.0) Gecko/20100101 Firefox/96.0"
172.16.73.1 - - [28/Jan/2022:13:27:22 +0000] "GET /campus_return/admin-view/mark-as-invited/2519/ HTTP/2.0" 200 17 "https://swc.iitg.ac.in/campus_return/admin-view/" "Mozilla/5.0 (Windows NT 10.0; Win64; x64; rv:96.0) Gecko/20100101 Firefox/96.0"
49.36.25.37 - - [28/Jan/2022:13:29:25 +0000] "GET /swc_journeys/ HTTP/2.0" 200 904 "-" "Mozilla/5.0 (Windows NT 10.0; Win64; x64) AppleWebKit/537.36 (KHTML, like Gecko) Chrome/97.0.4692.99 Safari/537.36"
49.36.25.37 - - [28/Jan/2022:13:29:25 +0000] "GET /swc_journeys/static/drf-yasg/swagger-ui-dist/swagger-ui-bundle.js.map HTTP/2.0" 404 198 "-" "Mozilla/5.0 (Windows NT 10.0; Win64; x64) AppleWebKit/537.36 (KHTML, like Gecko) Chrome/97.0.4692.99 Safari/537.36"
49.36.25.37 - - [28/Jan/2022:13:29:25 +0000] "GET /swc_journeys/static/drf-yasg/swagger-ui-dist/swagger-ui.css.map HTTP/2.0" 404 198 "-" "Mozilla/5.0 (Windows NT 10.0; Win64; x64) AppleWebKit/537.36 (KHTML, like Gecko) Chrome/97.0.4692.99 Safari/537.36"
49.36.25.37 - - [28/Jan/2022:13:29:25 +0000] "GET /swc_journeys/static/drf-yasg/swagger-ui-dist/swagger-ui-standalone-preset.js.map HTTP/2.0" 404 198 "-" "Mozilla/5.0 (Windows NT 10.0; Win64; x64) AppleWebKit/537.36 (KHTML, like Gecko) Chrome/97.0.4692.99 Safari/537.36"
49.36.25.37 - - [28/Jan/2022:13:29:26 +0000] "GET /swc_journeys/?format=openapi HTTP/2.0" 200 23269 "https://swc.iitg.ac.in/swc_journeys/" "Mozilla/5.0 (Windows NT 10.0; Win64; x64) AppleWebKit/537.36 (KHTML, like Gecko) Chrome/97.0.4692.99 Safari/537.36"
3.93.231.189 - - [28/Jan/2022:13:29:27 +0000] "GET /swc_journeys/?format=openapi HTTP/1.1" 200 23269 "-" "swagger-validator"
49.36.25.37 - - [28/Jan/2022:13:29:34 +0000] "GET /swc_journeys/admin/ HTTP/2.0" 302 0 "-" "Mozilla/5.0 (Windows NT 10.0; Win64; x64) AppleWebKit/537.36 (KHTML, like Gecko) Chrome/97.0.4692.99 Safari/537.36"
49.36.25.37 - - [28/Jan/2022:13:29:35 +0000] "GET /swc_journeys/admin/login/?next=/swc_journeys/admin/ HTTP/2.0" 200 873 "-" "Mozilla/5.0 (Windows NT 10.0; Win64; x64) AppleWebKit/537.36 (KHTML, like Gecko) Chrome/97.0.4692.99 Safari/537.36"
49.36.25.37 - - [28/Jan/2022:13:29:35 +0000] "GET /swc_journeys/admin/login/static/admin/css/base.css HTTP/2.0" 404 1424 "https://swc.iitg.ac.in/swc_journeys/admin/login/?next=/swc_journeys/admin/" "Mozilla/5.0 (Windows NT 10.0; Win64; x64) AppleWebKit/537.36 (KHTML, like Gecko) Chrome/97.0.4692.99 Safari/537.36"
49.36.25.37 - - [28/Jan/2022:13:29:35 +0000] "GET /swc_journeys/admin/login/static/admin/css/login.css HTTP/2.0" 404 1423 "https://swc.iitg.ac.in/swc_journeys/admin/login/?next=/swc_journeys/admin/" "Mozilla/5.0 (Windows NT 10.0; Win64; x64) AppleWebKit/537.36 (KHTML, like Gecko) Chrome/97.0.4692.99 Safari/537.36"
49.36.25.37 - - [28/Jan/2022:13:29:35 +0000] "GET /swc_journeys/admin/login/static/admin/css/responsive.css HTTP/2.0" 404 1429 "https://swc.iitg.ac.in/swc_journeys/admin/login/?next=/swc_journeys/admin/" "Mozilla/5.0 (Windows NT 10.0; Win64; x64) AppleWebKit/537.36 (KHTML, like Gecko) Chrome/97.0.4692.99 Safari/537.36"
167.94.138.62 - - [28/Jan/2022:13:34:40 +0000] "GET / HTTP/1.1" 200 1417 "-" "-"
167.94.138.62 - - [28/Jan/2022:13:34:41 +0000] "GET / HTTP/1.1" 200 748 "-" "Mozilla/5.0 (compatible; CensysInspect/1.1; +https://about.censys.io/)"
172.16.73.1 - - [28/Jan/2022:13:36:06 +0000] "GET /campus_return/admin-view/ HTTP/2.0" 200 10241 "-" "Mozilla/5.0 (Windows NT 10.0; Win64; x64; rv:96.0) Gecko/20100101 Firefox/96.0"
172.16.73.1 - - [28/Jan/2022:13:36:06 +0000] "GET /campus_return/static/jquery-3.4.1.min.js HTTP/2.0" 304 0 "https://swc.iitg.ac.in/campus_return/admin-view/" "Mozilla/5.0 (Windows NT 10.0; Win64; x64; rv:96.0) Gecko/20100101 Firefox/96.0"
172.16.73.1 - - [28/Jan/2022:13:36:06 +0000] "GET /campus_return/static/hab_portal/base.js HTTP/2.0" 304 0 "https://swc.iitg.ac.in/campus_return/admin-view/" "Mozilla/5.0 (Windows NT 10.0; Win64; x64; rv:96.0) Gecko/20100101 Firefox/96.0"
103.196.54.181 - - [28/Jan/2022:13:40:27 +0000] "GET /campus_return/ HTTP/2.0" 200 2393 "-" "Mozilla/5.0 (Windows NT 10.0; Win64; x64) AppleWebKit/537.36 (KHTML, like Gecko) Chrome/97.0.4692.71 Safari/537.36"
103.196.54.181 - - [28/Jan/2022:13:40:32 +0000] "GET /campus_return/add/ HTTP/2.0" 200 2860 "https://swc.iitg.ac.in/campus_return/" "Mozilla/5.0 (Windows NT 10.0; Win64; x64) AppleWebKit/537.36 (KHTML, like Gecko) Chrome/97.0.4692.71 Safari/537.36"
103.196.54.181 - - [28/Jan/2022:13:41:22 +0000] "POST /campus_return/add/ HTTP/2.0" 302 0 "https://swc.iitg.ac.in/campus_return/add/" "Mozilla/5.0 (Windows NT 10.0; Win64; x64) AppleWebKit/537.36 (KHTML, like Gecko) Chrome/97.0.4692.71 Safari/537.36"
103.196.54.181 - - [28/Jan/2022:13:41:22 +0000] "GET /campus_return/form1/ HTTP/2.0" 200 1830 "https://swc.iitg.ac.in/campus_return/add/" "Mozilla/5.0 (Windows NT 10.0; Win64; x64) AppleWebKit/537.36 (KHTML, like Gecko) Chrome/97.0.4692.71 Safari/537.36"
103.196.54.181 - - [28/Jan/2022:13:41:28 +0000] "POST /campus_return/form1/ HTTP/2.0" 302 0 "https://swc.iitg.ac.in/campus_return/form1/" "Mozilla/5.0 (Windows NT 10.0; Win64; x64) AppleWebKit/537.36 (KHTML, like Gecko) Chrome/97.0.4692.71 Safari/537.36"
103.196.54.181 - - [28/Jan/2022:13:41:28 +0000] "GET /campus_return/wait/ HTTP/2.0" 200 238 "https://swc.iitg.ac.in/campus_return/form1/" "Mozilla/5.0 (Windows NT 10.0; Win64; x64) AppleWebKit/537.36 (KHTML, like Gecko) Chrome/97.0.4692.71 Safari/537.36"
172.16.73.1 - - [28/Jan/2022:13:43:10 +0000] "GET /campus_return/admin-view/ HTTP/2.0" 200 10241 "-" "Mozilla/5.0 (Windows NT 10.0; Win64; x64; rv:96.0) Gecko/20100101 Firefox/96.0"
172.16.73.1 - - [28/Jan/2022:13:43:10 +0000] "GET /campus_return/static/jquery-3.4.1.min.js HTTP/2.0" 304 0 "https://swc.iitg.ac.in/campus_return/admin-view/" "Mozilla/5.0 (Windows NT 10.0; Win64; x64; rv:96.0) Gecko/20100101 Firefox/96.0"
172.16.73.1 - - [28/Jan/2022:13:43:10 +0000] "GET /campus_return/static/hab_portal/base.js HTTP/2.0" 304 0 "https://swc.iitg.ac.in/campus_return/admin-view/" "Mozilla/5.0 (Windows NT 10.0; Win64; x64; rv:96.0) Gecko/20100101 Firefox/96.0"
172.16.73.1 - - [28/Jan/2022:13:43:19 +0000] "GET /campus_return/admin-view/ HTTP/2.0" 200 10241 "-" "Mozilla/5.0 (Windows NT 10.0; Win64; x64; rv:96.0) Gecko/20100101 Firefox/96.0"
172.16.73.1 - - [28/Jan/2022:13:43:19 +0000] "GET /campus_return/static/jquery-3.4.1.min.js HTTP/2.0" 304 0 "https://swc.iitg.ac.in/campus_return/admin-view/" "Mozilla/5.0 (Windows NT 10.0; Win64; x64; rv:96.0) Gecko/20100101 Firefox/96.0"
172.16.73.1 - - [28/Jan/2022:13:43:19 +0000] "GET /campus_return/static/hab_portal/base.js HTTP/2.0" 304 0 "https://swc.iitg.ac.in/campus_return/admin-view/" "Mozilla/5.0 (Windows NT 10.0; Win64; x64; rv:96.0) Gecko/20100101 Firefox/96.0"
49.36.25.37 - - [28/Jan/2022:13:43:24 +0000] "GET /swc_journeys/ HTTP/2.0" 200 915 "-" "Mozilla/5.0 (Windows NT 10.0; Win64; x64) AppleWebKit/537.36 (KHTML, like Gecko) Chrome/97.0.4692.99 Safari/537.36"
49.36.25.37 - - [28/Jan/2022:13:43:24 +0000] "GET /webapps/swc_journeys/swc_journeys/static/drf-yasg/style.css HTTP/2.0" 404 198 "https://swc.iitg.ac.in/swc_journeys/" "Mozilla/5.0 (Windows NT 10.0; Win64; x64) AppleWebKit/537.36 (KHTML, like Gecko) Chrome/97.0.4692.99 Safari/537.36"
49.36.25.37 - - [28/Jan/2022:13:43:24 +0000] "GET /webapps/swc_journeys/swc_journeys/static/drf-yasg/swagger-ui-dist/swagger-ui.css HTTP/2.0" 404 198 "https://swc.iitg.ac.in/swc_journeys/" "Mozilla/5.0 (Windows NT 10.0; Win64; x64) AppleWebKit/537.36 (KHTML, like Gecko) Chrome/97.0.4692.99 Safari/537.36"
49.36.25.37 - - [28/Jan/2022:13:43:24 +0000] "GET /webapps/swc_journeys/swc_journeys/static/drf-yasg/swagger-ui-dist/swagger-ui-bundle.js HTTP/2.0" 404 198 "https://swc.iitg.ac.in/swc_journeys/" "Mozilla/5.0 (Windows NT 10.0; Win64; x64) AppleWebKit/537.36 (KHTML, like Gecko) Chrome/97.0.4692.99 Safari/537.36"
49.36.25.37 - - [28/Jan/2022:13:43:24 +0000] "GET /webapps/swc_journeys/swc_journeys/static/drf-yasg/swagger-ui-dist/swagger-ui-standalone-preset.js HTTP/2.0" 404 198 "https://swc.iitg.ac.in/swc_journeys/" "Mozilla/5.0 (Windows NT 10.0; Win64; x64) AppleWebKit/537.36 (KHTML, like Gecko) Chrome/97.0.4692.99 Safari/537.36"
49.36.25.37 - - [28/Jan/2022:13:43:24 +0000] "GET /webapps/swc_journeys/swc_journeys/static/drf-yasg/insQ.min.js HTTP/2.0" 404 198 "https://swc.iitg.ac.in/swc_journeys/" "Mozilla/5.0 (Windows NT 10.0; Win64; x64) AppleWebKit/537.36 (KHTML, like Gecko) Chrome/97.0.4692.99 Safari/537.36"
49.36.25.37 - - [28/Jan/2022:13:43:24 +0000] "GET /webapps/swc_journeys/swc_journeys/static/drf-yasg/immutable.min.js HTTP/2.0" 404 198 "https://swc.iitg.ac.in/swc_journeys/" "Mozilla/5.0 (Windows NT 10.0; Win64; x64) AppleWebKit/537.36 (KHTML, like Gecko) Chrome/97.0.4692.99 Safari/537.36"
49.36.25.37 - - [28/Jan/2022:13:43:24 +0000] "GET /webapps/swc_journeys/swc_journeys/static/drf-yasg/url-polyfill.min.js HTTP/2.0" 404 198 "https://swc.iitg.ac.in/swc_journeys/" "Mozilla/5.0 (Windows NT 10.0; Win64; x64) AppleWebKit/537.36 (KHTML, like Gecko) Chrome/97.0.4692.99 Safari/537.36"
49.36.25.37 - - [28/Jan/2022:13:43:24 +0000] "GET /webapps/swc_journeys/swc_journeys/static/drf-yasg/swagger-ui-init.js HTTP/2.0" 404 198 "https://swc.iitg.ac.in/swc_journeys/" "Mozilla/5.0 (Windows NT 10.0; Win64; x64) AppleWebKit/537.36 (KHTML, like Gecko) Chrome/97.0.4692.99 Safari/537.36"
49.36.25.37 - - [28/Jan/2022:13:43:24 +0000] "GET /webapps/swc_journeys/swc_journeys/static/drf-yasg/swagger-ui-dist/swagger-ui-standalone-preset.js HTTP/2.0" 404 198 "https://swc.iitg.ac.in/swc_journeys/" "Mozilla/5.0 (Windows NT 10.0; Win64; x64) AppleWebKit/537.36 (KHTML, like Gecko) Chrome/97.0.4692.99 Safari/537.36"
49.36.25.37 - - [28/Jan/2022:13:43:24 +0000] "GET /webapps/swc_journeys/swc_journeys/static/drf-yasg/insQ.min.js HTTP/2.0" 404 198 "https://swc.iitg.ac.in/swc_journeys/" "Mozilla/5.0 (Windows NT 10.0; Win64; x64) AppleWebKit/537.36 (KHTML, like Gecko) Chrome/97.0.4692.99 Safari/537.36"
49.36.25.37 - - [28/Jan/2022:13:43:25 +0000] "GET /webapps/swc_journeys/swc_journeys/static/drf-yasg/immutable.min.js HTTP/2.0" 404 198 "https://swc.iitg.ac.in/swc_journeys/" "Mozilla/5.0 (Windows NT 10.0; Win64; x64) AppleWebKit/537.36 (KHTML, like Gecko) Chrome/97.0.4692.99 Safari/537.36"
49.36.25.37 - - [28/Jan/2022:13:43:25 +0000] "GET /webapps/swc_journeys/swc_journeys/static/drf-yasg/url-polyfill.min.js HTTP/2.0" 404 198 "https://swc.iitg.ac.in/swc_journeys/" "Mozilla/5.0 (Windows NT 10.0; Win64; x64) AppleWebKit/537.36 (KHTML, like Gecko) Chrome/97.0.4692.99 Safari/537.36"
49.36.25.37 - - [28/Jan/2022:13:43:25 +0000] "GET /webapps/swc_journeys/swc_journeys/static/drf-yasg/swagger-ui-init.js HTTP/2.0" 404 198 "https://swc.iitg.ac.in/swc_journeys/" "Mozilla/5.0 (Windows NT 10.0; Win64; x64) AppleWebKit/537.36 (KHTML, like Gecko) Chrome/97.0.4692.99 Safari/537.36"
49.36.25.37 - - [28/Jan/2022:13:43:25 +0000] "GET /webapps/swc_journeys/swc_journeys/static/drf-yasg/swagger-ui-dist/favicon-32x32.png HTTP/2.0" 404 198 "https://swc.iitg.ac.in/swc_journeys/" "Mozilla/5.0 (Windows NT 10.0; Win64; x64) AppleWebKit/537.36 (KHTML, like Gecko) Chrome/97.0.4692.99 Safari/537.36"
103.196.54.181 - - [28/Jan/2022:13:43:38 +0000] "GET /campus_return/ HTTP/2.0" 200 2393 "https://swc.iitg.ac.in/campus_return/wait/" "Mozilla/5.0 (Windows NT 10.0; Win64; x64) AppleWebKit/537.36 (KHTML, like Gecko) Chrome/97.0.4692.71 Safari/537.36"
49.36.25.37 - - [28/Jan/2022:13:43:39 +0000] "GET /swc_journeys/ HTTP/2.0" 200 911 "-" "Mozilla/5.0 (Windows NT 10.0; Win64; x64) AppleWebKit/537.36 (KHTML, like Gecko) Chrome/97.0.4692.99 Safari/537.36"
49.36.25.37 - - [28/Jan/2022:13:43:39 +0000] "GET /webapps/swc_journeys/swc_journeys/static/drf-yasg/style.css HTTP/2.0" 404 198 "https://swc.iitg.ac.in/swc_journeys/" "Mozilla/5.0 (Windows NT 10.0; Win64; x64) AppleWebKit/537.36 (KHTML, like Gecko) Chrome/97.0.4692.99 Safari/537.36"
49.36.25.37 - - [28/Jan/2022:13:43:39 +0000] "GET /webapps/swc_journeys/swc_journeys/static/drf-yasg/swagger-ui-dist/swagger-ui.css HTTP/2.0" 404 198 "https://swc.iitg.ac.in/swc_journeys/" "Mozilla/5.0 (Windows NT 10.0; Win64; x64) AppleWebKit/537.36 (KHTML, like Gecko) Chrome/97.0.4692.99 Safari/537.36"
49.36.25.37 - - [28/Jan/2022:13:43:39 +0000] "GET /webapps/swc_journeys/swc_journeys/static/drf-yasg/swagger-ui-dist/swagger-ui-bundle.js HTTP/2.0" 404 198 "https://swc.iitg.ac.in/swc_journeys/" "Mozilla/5.0 (Windows NT 10.0; Win64; x64) AppleWebKit/537.36 (KHTML, like Gecko) Chrome/97.0.4692.99 Safari/537.36"
49.36.25.37 - - [28/Jan/2022:13:43:39 +0000] "GET /webapps/swc_journeys/swc_journeys/static/drf-yasg/swagger-ui-dist/swagger-ui-standalone-preset.js HTTP/2.0" 404 198 "https://swc.iitg.ac.in/swc_journeys/" "Mozilla/5.0 (Windows NT 10.0; Win64; x64) AppleWebKit/537.36 (KHTML, like Gecko) Chrome/97.0.4692.99 Safari/537.36"
49.36.25.37 - - [28/Jan/2022:13:43:39 +0000] "GET /webapps/swc_journeys/swc_journeys/static/drf-yasg/insQ.min.js HTTP/2.0" 404 198 "https://swc.iitg.ac.in/swc_journeys/" "Mozilla/5.0 (Windows NT 10.0; Win64; x64) AppleWebKit/537.36 (KHTML, like Gecko) Chrome/97.0.4692.99 Safari/537.36"
49.36.25.37 - - [28/Jan/2022:13:43:39 +0000] "GET /webapps/swc_journeys/swc_journeys/static/drf-yasg/immutable.min.js HTTP/2.0" 404 198 "https://swc.iitg.ac.in/swc_journeys/" "Mozilla/5.0 (Windows NT 10.0; Win64; x64) AppleWebKit/537.36 (KHTML, like Gecko) Chrome/97.0.4692.99 Safari/537.36"
49.36.25.37 - - [28/Jan/2022:13:43:39 +0000] "GET /webapps/swc_journeys/swc_journeys/static/drf-yasg/url-polyfill.min.js HTTP/2.0" 404 198 "https://swc.iitg.ac.in/swc_journeys/" "Mozilla/5.0 (Windows NT 10.0; Win64; x64) AppleWebKit/537.36 (KHTML, like Gecko) Chrome/97.0.4692.99 Safari/537.36"
49.36.25.37 - - [28/Jan/2022:13:43:39 +0000] "GET /webapps/swc_journeys/swc_journeys/static/drf-yasg/swagger-ui-init.js HTTP/2.0" 404 198 "https://swc.iitg.ac.in/swc_journeys/" "Mozilla/5.0 (Windows NT 10.0; Win64; x64) AppleWebKit/537.36 (KHTML, like Gecko) Chrome/97.0.4692.99 Safari/537.36"
49.36.25.37 - - [28/Jan/2022:13:43:39 +0000] "GET /webapps/swc_journeys/swc_journeys/static/drf-yasg/swagger-ui-dist/swagger-ui-standalone-preset.js HTTP/2.0" 404 198 "https://swc.iitg.ac.in/swc_journeys/" "Mozilla/5.0 (Windows NT 10.0; Win64; x64) AppleWebKit/537.36 (KHTML, like Gecko) Chrome/97.0.4692.99 Safari/537.36"
49.36.25.37 - - [28/Jan/2022:13:43:40 +0000] "GET /webapps/swc_journeys/swc_journeys/static/drf-yasg/insQ.min.js HTTP/2.0" 404 198 "https://swc.iitg.ac.in/swc_journeys/" "Mozilla/5.0 (Windows NT 10.0; Win64; x64) AppleWebKit/537.36 (KHTML, like Gecko) Chrome/97.0.4692.99 Safari/537.36"
49.36.25.37 - - [28/Jan/2022:13:43:40 +0000] "GET /webapps/swc_journeys/swc_journeys/static/drf-yasg/immutable.min.js HTTP/2.0" 404 198 "https://swc.iitg.ac.in/swc_journeys/" "Mozilla/5.0 (Windows NT 10.0; Win64; x64) AppleWebKit/537.36 (KHTML, like Gecko) Chrome/97.0.4692.99 Safari/537.36"
